[0.567s] Invoking command in '/home/insane/ros2_ws/src/my_package': DEBUGINFOD_URLS=https://debuginfod.ubuntu.com PYTHONPATH=/home/insane/ros2_ws/build/my_package/prefix_override:/usr/lib/python3/dist-packages/colcon_core/task/python/colcon_distutils_commands:/home/insane/ros2_ws/install/my_package/lib/python3.12/site-packages:${PYTHONPATH} /usr/bin/python3 -W ignore:setup.py install is deprecated -W ignore:easy_install command is deprecated setup.py egg_info --egg-base ../../build/my_package build --build-base /home/insane/ros2_ws/build/my_package/build install --record /home/insane/ros2_ws/build/my_package/install.log --install-scripts $base/lib/my_package --single-version-externally-managed install_data
[0.728s] running egg_info
[0.739s] writing ../../build/my_package/my_package.egg-info/PKG-INFO
[0.739s] writing dependency_links to ../../build/my_package/my_package.egg-info/dependency_links.txt
[0.740s] writing entry points to ../../build/my_package/my_package.egg-info/entry_points.txt
[0.740s] writing requirements to ../../build/my_package/my_package.egg-info/requires.txt
[0.740s] writing top-level names to ../../build/my_package/my_package.egg-info/top_level.txt
[0.763s] reading manifest file '../../build/my_package/my_package.egg-info/SOURCES.txt'
[0.763s] adding license file 'LICENSE'
[0.763s] writing manifest file '../../build/my_package/my_package.egg-info/SOURCES.txt'
[0.763s] running build
[0.763s] running build_py
[0.763s] copying my_package/my_node.py -> /home/insane/ros2_ws/build/my_package/build/lib/my_package
[0.763s] running install
[0.767s] running install_lib
[0.779s] copying /home/insane/ros2_ws/build/my_package/build/lib/my_package/my_node.py -> /home/insane/ros2_ws/install/my_package/lib/python3.12/site-packages/my_package
[0.779s] byte-compiling /home/insane/ros2_ws/install/my_package/lib/python3.12/site-packages/my_package/my_node.py to my_node.cpython-312.pyc
[0.779s] running install_data
[0.780s] running install_egg_info
[0.792s] removing '/home/insane/ros2_ws/install/my_package/lib/python3.12/site-packages/my_package-0.0.0-py3.12.egg-info' (and everything under it)
[0.792s] Copying ../../build/my_package/my_package.egg-info to /home/insane/ros2_ws/install/my_package/lib/python3.12/site-packages/my_package-0.0.0-py3.12.egg-info
[0.793s] running install_scripts
[0.869s] Installing my_node script to /home/insane/ros2_ws/install/my_package/lib/my_package
[0.869s] writing list of installed files to '/home/insane/ros2_ws/build/my_package/install.log'
[0.887s] Invoked command in '/home/insane/ros2_ws/src/my_package' returned '0': DEBUGINFOD_URLS=https://debuginfod.ubuntu.com PYTHONPATH=/home/insane/ros2_ws/build/my_package/prefix_override:/usr/lib/python3/dist-packages/colcon_core/task/python/colcon_distutils_commands:/home/insane/ros2_ws/install/my_package/lib/python3.12/site-packages:${PYTHONPATH} /usr/bin/python3 -W ignore:setup.py install is deprecated -W ignore:easy_install command is deprecated setup.py egg_info --egg-base ../../build/my_package build --build-base /home/insane/ros2_ws/build/my_package/build install --record /home/insane/ros2_ws/build/my_package/install.log --install-scripts $base/lib/my_package --single-version-externally-managed install_data
