[0.941s] Invoking command in '/home/insane/ros2_ws/src/my_package': DEBUGINFOD_URLS=https://debuginfod.ubuntu.com PYTHONPATH=/home/insane/ros2_ws/build/my_package/prefix_override:/usr/lib/python3/dist-packages/colcon_core/task/python/colcon_distutils_commands:/home/insane/ros2_ws/install/my_package/lib/python3.12/site-packages:${PYTHONPATH} /usr/bin/python3 -W ignore:setup.py install is deprecated -W ignore:easy_install command is deprecated setup.py egg_info --egg-base ../../build/my_package build --build-base /home/insane/ros2_ws/build/my_package/build install --record /home/insane/ros2_ws/build/my_package/install.log --install-scripts $base/lib/my_package --single-version-externally-managed install_data
[1.252s] running egg_info
[1.253s] creating ../../build/my_package/my_package.egg-info
[1.274s] writing ../../build/my_package/my_package.egg-info/PKG-INFO
[1.274s] writing dependency_links to ../../build/my_package/my_package.egg-info/dependency_links.txt
[1.275s] writing requirements to ../../build/my_package/my_package.egg-info/requires.txt
[1.275s] writing top-level names to ../../build/my_package/my_package.egg-info/top_level.txt
[1.275s] writing manifest file '../../build/my_package/my_package.egg-info/SOURCES.txt'
[1.320s] reading manifest file '../../build/my_package/my_package.egg-info/SOURCES.txt'
[1.321s] adding license file 'LICENSE'
[1.321s] writing manifest file '../../build/my_package/my_package.egg-info/SOURCES.txt'
[1.321s] running build
[1.321s] running build_py
[1.322s] creating /home/insane/ros2_ws/build/my_package/build
[1.322s] creating /home/insane/ros2_ws/build/my_package/build/lib
[1.322s] creating /home/insane/ros2_ws/build/my_package/build/lib/my_package
[1.322s] copying my_package/__init__.py -> /home/insane/ros2_ws/build/my_package/build/lib/my_package
[1.322s] copying my_package/my_node.py -> /home/insane/ros2_ws/build/my_package/build/lib/my_package
[1.322s] running install
[1.329s] running install_lib
[1.352s] creating /home/insane/ros2_ws/install/my_package/lib/python3.12/site-packages/my_package
[1.352s] copying /home/insane/ros2_ws/build/my_package/build/lib/my_package/__init__.py -> /home/insane/ros2_ws/install/my_package/lib/python3.12/site-packages/my_package
[1.352s] copying /home/insane/ros2_ws/build/my_package/build/lib/my_package/my_node.py -> /home/insane/ros2_ws/install/my_package/lib/python3.12/site-packages/my_package
[1.353s] byte-compiling /home/insane/ros2_ws/install/my_package/lib/python3.12/site-packages/my_package/__init__.py to __init__.cpython-312.pyc
[1.353s] byte-compiling /home/insane/ros2_ws/install/my_package/lib/python3.12/site-packages/my_package/my_node.py to my_node.cpython-312.pyc
[1.353s] running install_data
[1.354s] creating /home/insane/ros2_ws/install/my_package/share/ament_index
[1.354s] creating /home/insane/ros2_ws/install/my_package/share/ament_index/resource_index
[1.354s] creating /home/insane/ros2_ws/install/my_package/share/ament_index/resource_index/packages
[1.354s] copying resource/my_package -> /home/insane/ros2_ws/install/my_package/share/ament_index/resource_index/packages
[1.354s] copying package.xml -> /home/insane/ros2_ws/install/my_package/share/my_package
[1.354s] running install_egg_info
[1.378s] Copying ../../build/my_package/my_package.egg-info to /home/insane/ros2_ws/install/my_package/lib/python3.12/site-packages/my_package-0.0.0-py3.12.egg-info
[1.378s] running install_scripts
[1.527s] writing list of installed files to '/home/insane/ros2_ws/build/my_package/install.log'
[1.559s] Invoked command in '/home/insane/ros2_ws/src/my_package' returned '0': DEBUGINFOD_URLS=https://debuginfod.ubuntu.com PYTHONPATH=/home/insane/ros2_ws/build/my_package/prefix_override:/usr/lib/python3/dist-packages/colcon_core/task/python/colcon_distutils_commands:/home/insane/ros2_ws/install/my_package/lib/python3.12/site-packages:${PYTHONPATH} /usr/bin/python3 -W ignore:setup.py install is deprecated -W ignore:easy_install command is deprecated setup.py egg_info --egg-base ../../build/my_package build --build-base /home/insane/ros2_ws/build/my_package/build install --record /home/insane/ros2_ws/build/my_package/install.log --install-scripts $base/lib/my_package --single-version-externally-managed install_data
